// Jest Snapshot v1, https://goo.gl/fbAQLP

exports[`renders according to the snapshot 1`] = `
<div
  className="App"
>
  <input
    placeholder="Type something..."
  />
  <button>
    Add
  </button>
</div>
`;
